// Jest Snapshot v1, https://goo.gl/fbAQLP

exports[`Home hero section display the hero section:  <section className="bg-hero-pattern bg-no-repeat bg-center mt-5 xl:mt-20 xl:bg-left">
      <div className="container flex flex-col-reverse items-center xl:flex-row">
        <div className="flex flex-col gap-5 mt-12 pb-5 text-center xl:text-right">
          <h3 className="text-cl dark:text-info xl:text-2xl">
            خوش آمدید به ...
          </h3>
          <h1 className="text-3xl font-black gradiant lg:text-3xl xl:text-5xl">
            مسیر صعود به قله های برنامه نوسی
          </h1>
          <p>
            ری‌اکت و نکست‌جی‌اس برترین کتابخونه‌های فرانت‌اند و یکه‌تاز دنیای
            وب! پیشرفته‌ترین مباحث رو اینجا می تونی پیدا کنی. پس همین الان
            یادگیری رو شروع کن ما هم از ابتدای مسیر با آموزش‌های تخصصی و کاملاً
            کاربردی کنارت هستیم.
          </p>
          <div className="my-5 flex gap-4">
            <Button size="large" variant="primary">
              دوره های ریکت و نکست
            </Button>
            <Button size="large" variant="neutral">
              مشاوره برنامه نویسی
            </Button>
          </div>
          <Image
            src="/images/frameworks.png"
            alt=""
            width={412}
            height={39}
            className="grayscale mt-4 opacity-70 m-auto xl:m-0"
          />
        </div>
        <Image
          src="/images/programmer-landing.svg"
          width={702}
          height={521}
          alt="xander"
        />
      </div>
    </section> 1`] = `
<div>
  <section
    class="bg-hero-pattern bg-no-repeat bg-center mt-5 xl:mt-20 xl:bg-left"
  >
    <div
      class="container flex flex-col-reverse items-center xl:flex-row"
    >
      <div
        class="flex flex-col gap-5 mt-12 pb-5 text-center xl:text-right"
      >
        <h3
          class="text-cl dark:text-info xl:text-2xl"
        >
          خوش آمدید به ...
        </h3>
        <h1
          class="text-3xl font-black gradiant lg:text-3xl xl:text-5xl"
        >
          مسیر صعود به قله های برنامه نوسی
        </h1>
        <p>
          ری‌اکت و نکست‌جی‌اس برترین کتابخونه‌های فرانت‌اند و یکه‌تاز دنیای وب! پیشرفته‌ترین مباحث رو اینجا می تونی پیدا کنی. پس همین الان یادگیری رو شروع کن ما هم از ابتدای مسیر با آموزش‌های تخصصی و کاملاً کاربردی کنارت هستیم.
        </p>
        <div
          class="my-5 flex gap-4"
        >
          <button
            class="btn btn-primary btn-lg"
            type="button"
          >
            دوره های ریکت و نکست
          </button>
          <button
            class="btn btn-neutral btn-lg"
            type="button"
          >
            مشاوره برنامه نویسی
          </button>
        </div>
        <img
          alt=""
          class="grayscale mt-4 opacity-70 m-auto xl:m-0"
          data-nimg="1"
          decoding="async"
          height="39"
          loading="lazy"
          src="/_next/image?url=%2Fimages%2Fframeworks.png&w=828&q=75"
          srcset="/_next/image?url=%2Fimages%2Fframeworks.png&w=640&q=75 1x, /_next/image?url=%2Fimages%2Fframeworks.png&w=828&q=75 2x"
          style="color: transparent;"
          width="412"
        />
      </div>
      <img
        alt="xander"
        data-nimg="1"
        decoding="async"
        height="521"
        loading="lazy"
        src="/images/programmer-landing.svg"
        style="color: transparent;"
        width="702"
      />
    </div>
  </section>
</div>
`;
